MO Test NULL Test.v vlg14/_test.bin 1483880736
MO planeA NULL planeA.v vlg31/plane_a.bin 1483880736
MO planeB NULL plane.v vlg32/plane_b.bin 1483880736
MO div NULL ipcore_dir/div.v vlg47/div.bin 1483880736
MO number NULL number.v vlg21/number.bin 1483880736
MO bullet NULL bullet.v vlg24/bullet.bin 1483880736
